mode: set
github.com/gurkangul/gg-cli/internal/orchestrator/terminal/cmux.go:22.30,26.2 3 1
github.com/gurkangul/gg-cli/internal/orchestrator/terminal/cmux.go:29.99,31.2 1 1
github.com/gurkangul/gg-cli/internal/orchestrator/terminal/cmux.go:33.89,35.31 2 1
github.com/gurkangul/gg-cli/internal/orchestrator/terminal/cmux.go:35.31,37.3 1 1
github.com/gurkangul/gg-cli/internal/orchestrator/terminal/cmux.go:38.2,38.22 1 1
github.com/gurkangul/gg-cli/internal/orchestrator/terminal/cmux.go:38.22,40.3 1 1
github.com/gurkangul/gg-cli/internal/orchestrator/terminal/cmux.go:41.2,41.29 1 1
github.com/gurkangul/gg-cli/internal/orchestrator/terminal/cmux.go:41.29,43.3 1 1
github.com/gurkangul/gg-cli/internal/orchestrator/terminal/cmux.go:44.2,44.20 1 1
github.com/gurkangul/gg-cli/internal/orchestrator/terminal/cmux.go:44.20,46.3 1 1
github.com/gurkangul/gg-cli/internal/orchestrator/terminal/cmux.go:47.2,48.16 2 1
github.com/gurkangul/gg-cli/internal/orchestrator/terminal/cmux.go:48.16,50.3 1 1
github.com/gurkangul/gg-cli/internal/orchestrator/terminal/cmux.go:51.2,52.14 2 1
github.com/gurkangul/gg-cli/internal/orchestrator/terminal/cmux.go:52.14,54.3 1 1
github.com/gurkangul/gg-cli/internal/orchestrator/terminal/cmux.go:55.2,55.16 1 1
github.com/gurkangul/gg-cli/internal/orchestrator/terminal/cmux.go:58.83,61.2 2 1
github.com/gurkangul/gg-cli/internal/orchestrator/terminal/cmux.go:63.85,66.2 2 1
github.com/gurkangul/gg-cli/internal/orchestrator/terminal/cmux.go:68.86,71.2 2 1
github.com/gurkangul/gg-cli/internal/orchestrator/terminal/cmux.go:73.71,76.2 2 1
github.com/gurkangul/gg-cli/internal/orchestrator/terminal/cmux.go:78.71,81.2 2 1
github.com/gurkangul/gg-cli/internal/orchestrator/terminal/cmux.go:83.44,85.2 1 1
github.com/gurkangul/gg-cli/internal/orchestrator/terminal/cmux.go:87.85,92.16 5 0
github.com/gurkangul/gg-cli/internal/orchestrator/terminal/cmux.go:92.16,94.16 2 0
github.com/gurkangul/gg-cli/internal/orchestrator/terminal/cmux.go:94.16,96.4 1 0
github.com/gurkangul/gg-cli/internal/orchestrator/terminal/cmux.go:97.3,97.54 1 0
github.com/gurkangul/gg-cli/internal/orchestrator/terminal/cmux.go:99.2,99.17 1 0
github.com/gurkangul/gg-cli/internal/orchestrator/terminal/fake.go:29.30,34.2 1 1
github.com/gurkangul/gg-cli/internal/orchestrator/terminal/fake.go:36.87,45.2 8 1
github.com/gurkangul/gg-cli/internal/orchestrator/terminal/fake.go:47.81,50.18 3 1
github.com/gurkangul/gg-cli/internal/orchestrator/terminal/fake.go:50.18,52.3 1 1
github.com/gurkangul/gg-cli/internal/orchestrator/terminal/fake.go:53.2,55.12 3 1
github.com/gurkangul/gg-cli/internal/orchestrator/terminal/fake.go:58.83,61.18 3 1
github.com/gurkangul/gg-cli/internal/orchestrator/terminal/fake.go:61.18,63.3 1 1
github.com/gurkangul/gg-cli/internal/orchestrator/terminal/fake.go:64.2,65.12 2 1
github.com/gurkangul/gg-cli/internal/orchestrator/terminal/fake.go:68.84,71.18 3 1
github.com/gurkangul/gg-cli/internal/orchestrator/terminal/fake.go:71.18,73.3 1 1
github.com/gurkangul/gg-cli/internal/orchestrator/terminal/fake.go:74.2,77.21 4 1
github.com/gurkangul/gg-cli/internal/orchestrator/terminal/fake.go:80.69,83.18 3 1
github.com/gurkangul/gg-cli/internal/orchestrator/terminal/fake.go:83.18,85.3 1 1
github.com/gurkangul/gg-cli/internal/orchestrator/terminal/fake.go:86.2,87.12 2 1
github.com/gurkangul/gg-cli/internal/orchestrator/terminal/fake.go:90.69,93.18 3 1
github.com/gurkangul/gg-cli/internal/orchestrator/terminal/fake.go:93.18,95.3 1 0
github.com/gurkangul/gg-cli/internal/orchestrator/terminal/fake.go:96.2,99.12 4 1
github.com/gurkangul/gg-cli/internal/orchestrator/terminal/fake.go:102.44,104.2 1 1
github.com/gurkangul/gg-cli/internal/orchestrator/terminal/fake.go:107.51,111.2 3 1
github.com/gurkangul/gg-cli/internal/orchestrator/terminal/fake.go:115.64,119.2 3 1
github.com/gurkangul/gg-cli/internal/orchestrator/terminal/terminal.go:67.41,68.16 1 1
github.com/gurkangul/gg-cli/internal/orchestrator/terminal/terminal.go:68.16,70.3 1 1
github.com/gurkangul/gg-cli/internal/orchestrator/terminal/terminal.go:71.2,71.14 1 1
github.com/gurkangul/gg-cli/internal/orchestrator/terminal/terminal.go:72.14,73.24 1 1
github.com/gurkangul/gg-cli/internal/orchestrator/terminal/terminal.go:74.14,75.24 1 1
github.com/gurkangul/gg-cli/internal/orchestrator/terminal/terminal.go:76.14,77.114 1 1
github.com/gurkangul/gg-cli/internal/orchestrator/terminal/terminal.go:78.10,79.84 1 1
github.com/gurkangul/gg-cli/internal/orchestrator/terminal/terminal.go:84.37,86.2 1 1
github.com/gurkangul/gg-cli/internal/orchestrator/terminal/terminal.go:88.26,89.49 1 1
github.com/gurkangul/gg-cli/internal/orchestrator/terminal/terminal.go:89.49,91.3 1 0
github.com/gurkangul/gg-cli/internal/orchestrator/terminal/terminal.go:92.2,92.49 1 1
github.com/gurkangul/gg-cli/internal/orchestrator/terminal/terminal.go:92.49,94.3 1 0
github.com/gurkangul/gg-cli/internal/orchestrator/terminal/terminal.go:95.2,95.11 1 1
